// Jest Snapshot v1, https://goo.gl/fbAQLP

exports[`App component renders App 1`] = `
<section
  style={
    Object {
      "heigth": "100%",
    }
  }
>
  <NavBar />
  <Intro />
  <SubSection
    title="UPCOMNIG SHOWS"
  />
  <Shows />
  <SubSection
    title="STUFF AND THINGS"
  />
  <StuffAndThings />
</section>
`;
